15:09:36 **** Incremental Build of configuration Debug for project 4_4led ****
make -j8 all 
arm-none-eabi-gcc "../Core/Src/main.c" -mcpu=cortex-m3 -std=gnu11 -g3 -DUSE_HAL_DRIVER -DSTM32F103x6 -DDEBUG -c -I../Drivers/CMSIS/Device/ST/STM32F1xx/Include -I../Drivers/CMSIS/Include -I../Core/Inc -I../Drivers/STM32F1xx_HAL_Driver/Inc/Legacy -I../Drivers/STM32F1xx_HAL_Driver/Inc -O0 -ffunction-sections -fdata-sections -Wall -fstack-usage -MMD -MP -MF"Core/Src/main.d" -MT"Core/Src/main.o" --specs=nano.specs -mfloat-abi=soft -mthumb -o "Core/Src/main.o"
arm-none-eabi-gcc -o "4_4led.elf" @"objects.list"   -mcpu=cortex-m3 -T"D:\Controllers\2026\STM32\stm32f106c6\Codes\4_4LedBlink\4_4led\STM32F103C6TX_FLASH.ld" --specs=nosys.specs -Wl,-Map="4_4led.map" -Wl,--gc-sections -static --specs=nano.specs -mfloat-abi=soft -mthumb -Wl,--start-group -lc -lm -Wl,--end-group
Finished building target: 4_4led.elf
 
arm-none-eabi-objdump -h -S  4_4led.elf  > "4_4led.list"
arm-none-eabi-objcopy  -O ihex  4_4led.elf  "4_4led.hex"
arm-none-eabi-objcopy  -O binary  4_4led.elf  "4_4led.bin"
arm-none-eabi-size   4_4led.elf 
   text	   data	    bss	    dec	    hex	filename
   4996	     20	   1572	   6588	   19bc	4_4led.elf
Finished building: default.size.stdout
 
Finished building: 4_4led.hex
Finished building: 4_4led.bin
 
 
Finished building: 4_4led.list
 
